../Core/Src/main.c:89:6:toggle_regulation	8	static
../Core/Src/main.c:109:6:check_one_percent_range	8	static
../Core/Src/main.c:122:6:check_five_percent_range	8	static
../Core/Src/main.c:135:6:HAL_UART_RxCpltCallback	16	static
../Core/Src/main.c:154:6:HAL_GPIO_EXTI_Callback	80	static
../Core/Src/main.c:174:6:HAL_TIM_PeriodElapsedCallback	48	static
../Core/Src/main.c:197:5:main	8	static
../Core/Src/main.c:251:6:SystemClock_Config	88	static
../Core/Src/main.c:311:6:Error_Handler	4	static,ignoring_inline_asm
