../Core/Src/main.c:91:6:toggle_regulation	8	static
../Core/Src/main.c:104:6:check_one_percent_range	8	static
../Core/Src/main.c:112:6:check_five_percent_range	8	static
../Core/Src/main.c:120:6:update_regulator_state	8	static
../Core/Src/main.c:130:6:HAL_UART_RxCpltCallback	16	static
../Core/Src/main.c:149:6:HAL_GPIO_EXTI_Callback	24	static
../Core/Src/main.c:167:6:HAL_TIM_PeriodElapsedCallback	16	static
../Core/Src/main.c:217:5:main	8	static
../Core/Src/main.c:271:6:SystemClock_Config	88	static
../Core/Src/main.c:331:6:Error_Handler	4	static,ignoring_inline_asm
